[INFO] Scanning for projects...
[INFO] 
[INFO] ----------------------< com.driveease:driveease >-----------------------
[INFO] Building DriveEase 0.0.1-SNAPSHOT
[INFO]   from pom.xml
[INFO] --------------------------------[ jar ]---------------------------------
[INFO] 
[INFO] >>> spring-boot:3.4.3:run (default-cli) > test-compile @ driveease >>>
[INFO] 
[INFO] --- resources:3.3.1:resources (default-resources) @ driveease ---
[INFO] Copying 3 resources from src\main\resources to target\classes
[INFO] Copying 0 resource from src\main\resources to target\classes
[INFO] 
[INFO] --- compiler:3.13.0:compile (default-compile) @ driveease ---
[INFO] Nothing to compile - all classes are up to date.
[INFO] 
[INFO] --- resources:3.3.1:testResources (default-testResources) @ driveease ---
[INFO] skip non existing resourceDirectory C:\Users\Zahid\Documents\InternShip\backend\src\test\resources
[INFO] 
[INFO] --- compiler:3.13.0:testCompile (default-testCompile) @ driveease ---
[INFO] No sources to compile
[INFO] 
[INFO] <<< spring-boot:3.4.3:run (default-cli) < test-compile @ driveease <<<
[INFO] 
[INFO] 
[INFO] --- spring-boot:3.4.3:run (default-cli) @ driveease ---
[INFO] Attaching agents: []

  .   ____          _            __ _ _
 /\\ / ___'_ __ _ _(_)_ __  __ _ \ \ \ \
( ( )\___ | '_ | '_| | '_ \/ _` | \ \ \ \
 \\/  ___)| |_)| | | | | || (_| |  ) ) ) )
  '  |____| .__|_| |_|_| |_\__, | / / / /
 =========|_|==============|___/=/_/_/_/

 :: Spring Boot ::                (v3.4.3)

2026-03-30T10:39:06.919+05:30  INFO 20260 --- [DriveEase] [           main] com.driveease.DriveEaseApplication       : Starting DriveEaseApplication using Java 21.0.10 with PID 20260 (C:\Users\Zahid\Documents\InternShip\backend\target\classes started by Zahid in C:\Users\Zahid\Documents\InternShip\backend)
2026-03-30T10:39:06.921+05:30  INFO 20260 --- [DriveEase] [           main] com.driveease.DriveEaseApplication       : The following 1 profile is active: "dev"
2026-03-30T10:39:07.919+05:30  INFO 20260 --- [DriveEase] [           main] .s.d.r.c.RepositoryConfigurationDelegate : Bootstrapping Spring Data JPA repositories in DEFAULT mode.
2026-03-30T10:39:08.008+05:30  INFO 20260 --- [DriveEase] [           main] .s.d.r.c.RepositoryConfigurationDelegate : Finished Spring Data repository scanning in 79 ms. Found 6 JPA repository interfaces.
2026-03-30T10:39:08.667+05:30  INFO 20260 --- [DriveEase] [           main] o.s.b.w.embedded.tomcat.TomcatWebServer  : Tomcat initialized with port 8080 (http)
2026-03-30T10:39:08.695+05:30  INFO 20260 --- [DriveEase] [           main] o.apache.catalina.core.StandardService   : Starting service [Tomcat]
2026-03-30T10:39:08.695+05:30  INFO 20260 --- [DriveEase] [           main] o.apache.catalina.core.StandardEngine    : Starting Servlet engine: [Apache Tomcat/10.1.36]
2026-03-30T10:39:08.770+05:30  INFO 20260 --- [DriveEase] [           main] o.a.c.c.C.[Tomcat].[localhost].[/]       : Initializing Spring embedded WebApplicationContext
2026-03-30T10:39:08.771+05:30  INFO 20260 --- [DriveEase] [           main] w.s.c.ServletWebServerApplicationContext : Root WebApplicationContext: initialization completed in 1808 ms
2026-03-30T10:39:08.910+05:30  INFO 20260 --- [DriveEase] [           main] o.hibernate.jpa.internal.util.LogHelper  : HHH000204: Processing PersistenceUnitInfo [name: default]
2026-03-30T10:39:08.956+05:30  INFO 20260 --- [DriveEase] [           main] org.hibernate.Version                    : HHH000412: Hibernate ORM core version 6.6.8.Final
2026-03-30T10:39:08.989+05:30  INFO 20260 --- [DriveEase] [           main] o.h.c.internal.RegionFactoryInitiator    : HHH000026: Second-level cache disabled
2026-03-30T10:39:09.261+05:30  INFO 20260 --- [DriveEase] [           main] o.s.o.j.p.SpringPersistenceUnitInfo      : No LoadTimeWeaver setup: ignoring JPA class transformer
2026-03-30T10:39:09.290+05:30  INFO 20260 --- [DriveEase] [           main] com.zaxxer.hikari.HikariDataSource       : HikariPool-1 - Starting...
2026-03-30T10:39:09.490+05:30  INFO 20260 --- [DriveEase] [           main] com.zaxxer.hikari.pool.HikariPool        : HikariPool-1 - Added connection com.mysql.cj.jdbc.ConnectionImpl@78bd02c8
2026-03-30T10:39:09.492+05:30  INFO 20260 --- [DriveEase] [           main] com.zaxxer.hikari.HikariDataSource       : HikariPool-1 - Start completed.
2026-03-30T10:39:09.580+05:30  INFO 20260 --- [DriveEase] [           main] org.hibernate.orm.connections.pooling    : HHH10001005: Database info:
	Database JDBC URL [Connecting through datasource 'HikariDataSource (HikariPool-1)']
	Database driver: undefined/unknown
	Database version: 8.4.8
	Autocommit mode: undefined/unknown
	Isolation level: undefined/unknown
	Minimum pool size: undefined/unknown
	Maximum pool size: undefined/unknown
2026-03-30T10:39:10.751+05:30  INFO 20260 --- [DriveEase] [           main] o.h.e.t.j.p.i.JtaPlatformInitiator       : HHH000489: No JTA platform available (set 'hibernate.transaction.jta.platform' to enable JTA platform integration)
2026-03-30T10:39:10.867+05:30  INFO 20260 --- [DriveEase] [           main] j.LocalContainerEntityManagerFactoryBean : Initialized JPA EntityManagerFactory for persistence unit 'default'
2026-03-30T10:39:11.248+05:30  INFO 20260 --- [DriveEase] [           main] eAuthenticationProviderManagerConfigurer : Global AuthenticationManager configured with AuthenticationProvider bean with name authenticationProvider
2026-03-30T10:39:11.249+05:30  WARN 20260 --- [DriveEase] [           main] r$InitializeUserDetailsManagerConfigurer : Global AuthenticationManager configured with an AuthenticationProvider bean. UserDetailsService beans will not be used by Spring Security for automatically configuring username/password login. Consider removing the AuthenticationProvider bean. Alternatively, consider using the UserDetailsService in a manually instantiated DaoAuthenticationProvider. If the current configuration is intentional, to turn off this warning, increase the logging level of 'org.springframework.security.config.annotation.authentication.configuration.InitializeUserDetailsBeanManagerConfigurer' to ERROR
2026-03-30T10:39:12.307+05:30  WARN 20260 --- [DriveEase] [           main] JpaBaseConfiguration$JpaWebConfiguration : spring.jpa.open-in-view is enabled by default. Therefore, database queries may be performed during view rendering. Explicitly configure spring.jpa.open-in-view to disable this warning
2026-03-30T10:39:13.110+05:30  INFO 20260 --- [DriveEase] [           main] o.s.b.w.embedded.tomcat.TomcatWebServer  : Tomcat started on port 8080 (http) with context path '/'
2026-03-30T10:39:13.118+05:30  INFO 20260 --- [DriveEase] [           main] com.driveease.DriveEaseApplication       : Started DriveEaseApplication in 6.648 seconds (process running for 7.052)
2026-03-30T10:40:22.401+05:30  INFO 20260 --- [DriveEase] [nio-8080-exec-1] o.a.c.c.C.[Tomcat].[localhost].[/]       : Initializing Spring DispatcherServlet 'dispatcherServlet'
2026-03-30T10:40:22.401+05:30  INFO 20260 --- [DriveEase] [nio-8080-exec-1] o.s.web.servlet.DispatcherServlet        : Initializing Servlet 'dispatcherServlet'
2026-03-30T10:40:22.403+05:30  INFO 20260 --- [DriveEase] [nio-8080-exec-1] o.s.web.servlet.DispatcherServlet        : Completed initialization in 2 ms
2026-03-30T10:41:15.642+05:30  INFO 20260 --- [DriveEase] [io-8080-exec-10] o.springdoc.api.AbstractOpenApiResource  : Init duration for springdoc-openapi is: 848 ms
^C